2025-11-29 01:06 - INFO - sorted_valid_scores = (39.64, 38.41, 38.14, 37.47, 36.42, 35.55, 33.18, 32.17, 30.509999999999998, 23.28)
2025-11-29 01:06 - INFO - Instructions with their scores:

[
    {
        "score": 39.64,
        "instructions": [
            "Identify and correct any grammatical errors in the given sentence, including the proper use of punctuation, capitalization, and sentence structure according to standard written English conventions.",
            "Improve the given sentence by correcting grammatical errors and enhancing clarity, which may include rephrasing or restructuring, while preserving the original meaning. Return the revised sentence.",
            "Revise the sentence to enhance clarity and grammatical accuracy by removing unnecessary definite articles before plural generic nouns and adding appropriate punctuation, such as commas before coordinating conjunctions, as needed."
        ]
    },
    {
        "score": 38.41,
        "instructions": [
            "Revise the sentence to improve grammatical accuracy and naturalness by correcting punctuation, capitalization, and word choice, including adjustments for clarity and stylistic consistency.",
            "Identify and correct errors in punctuation, sentence segmentation (including splitting run-on sentences), capitalization, and conjunction usage to produce clear, well-structured text composed of properly formed sentences.",
            "Identify and correct all grammatical errors in the given sentence, including issues related to word usage, verb agreement, tense consistency, and punctuation, while preserving the sentence's original meaning and overall structure. Provide the fully corrected sentence as output."
        ]
    },
    {
        "score": 38.14,
        "instructions": [
            "Revise the given text to correct grammatical errors and improve phrasing for clarity and natural flow, while preserving the original meaning and overall style.",
            "Identify and correct grammatical errors in the given sentence—such as verb conjugation, possessive forms, and agreement errors—while preserving the original meaning and intent.",
            "Review the given sentence and correct any grammatical errors, including issues with capitalization, punctuation, and word usage, while maintaining the original meaning and style."
        ]
    },
    {
        "score": 37.47,
        "instructions": [
            "Identify and correct all grammatical errors in the given sentence, including issues with syntax, word choice, pronoun usage, and prepositions, while preserving its original meaning and overall style. Provide the corrected sentence with clear, accurate, and contextually appropriate language without altering the intended message.",
            "Review the given sentence and make corrections to grammar, punctuation, word choice, and phrasing to improve clarity, coherence, and tone, while preserving the original meaning and intent without introducing new information.",
            "Review the given sentence and correct any grammatical, punctuation, and capitalization errors to produce a clear, natural-sounding, and properly formatted version. Ensure consistent use of plurality and adjust word choices when needed for accuracy and clarity, while avoiding unnecessary stylistic changes."
        ]
    },
    {
        "score": 36.42,
        "instructions": [
            "Edit the sentence to correct grammatical errors and improve clarity and phrasing while preserving the original meaning.",
            "Revise the sentence to improve grammatical accuracy, word choice, and readability by replacing imprecise terms with clearer alternatives and making minor syntactic adjustments, while maintaining the original meaning.",
            "Identify and correct all grammatical errors in the given sentence while preserving its original meaning, tone, and overall structure. Make only the minimal necessary changes to ensure the sentence is clear, fluent, and natural-sounding."
        ]
    },
    {
        "score": 35.55,
        "instructions": [
            "Revise the given sentence to correct errors in punctuation—including insertion, deletion, and repositioning for clarity and fluency—capitalization, number agreement (such as singular and plural forms), and word choice to improve grammatical accuracy, natural phrasing, and semantic appropriateness.",
            "Identify and correct errors related to grammar, word usage, punctuation, capitalization, and phrasing in the given sentence to produce a clear, natural, and well-structured sentence that preserves the original meaning.",
            "Revise the given sentence to correct any grammatical errors—such as incorrect pronoun or demonstrative pronoun usage—while maintaining the original meaning and clarity."
        ]
    },
    {
        "score": 33.18,
        "instructions": [
            "Revise the given sentence to correct grammar, punctuation, and word choice, and to enhance clarity and readability by restructuring or splitting sentences as needed, while preserving the original meaning.",
            "Revise the given sentence to improve grammar, word choice, consistency in conjunctions and terminology, and overall readability, while maintaining the original meaning.",
            "Review the given sentence and correct any errors related to grammar, punctuation, and capitalization while preserving the original meaning. Provide the fully corrected sentence as output."
        ]
    },
    {
        "score": 32.17,
        "instructions": [
            "Revise the sentence to enhance grammatical correctness, clarity, and natural flow while maintaining its original meaning. Ensure consistent verb tense usage, eliminate redundant or awkward phrasing, and simplify wording for improved readability.",
            "Review the given sentence and correct any grammatical errors without altering its original meaning. If the sentence is already grammatically correct, leave it unchanged.",
            "Revise the given sentences by correcting grammatical errors—including capitalization and preposition use—improving punctuation, and refining sentence clarity and flow, all while preserving the original meaning."
        ]
    },
    {
        "score": 30.509999999999998,
        "instructions": [
            "Revise the given sentence to correct grammatical errors, improve punctuation, and enhance overall clarity and naturalness, while maintaining the original meaning.",
            "Improve the given sentence by correcting grammatical, punctuation, and minor stylistic errors to produce a clear, fluent, and accurate version while preserving the original meaning.",
            "Revise the given sentence to correct grammatical errors, ensure verb tense consistency, and improve fluency and naturalness by addressing awkward phrasing and redundancy, while preserving the original meaning."
        ]
    },
    {
        "score": 23.28,
        "instructions": [
            "Rewrite the given sentence to improve its grammatical correctness, clarity, naturalness, and idiomatic expression while preserving the original meaning and eliminating redundancy or awkward phrasing.",
            "Review the given sentence and revise it to correct any grammatical errors and improve word choice or phrasing, ensuring the result is clear, fluent, and accurately conveys the original meaning.",
            "Revise the given sentence to correct any grammatical errors and improve its clarity and fluency by rephrasing awkward or unclear parts and restructuring sentences if needed, while preserving the original meaning."
        ]
    }
]
2025-11-29 01:18 - INFO - sorted_valid_scores = (43.63, 42.92, 42.449999999999996, 41.55, 40.699999999999996, 40.28, 38.32, 31.45, 29.87, 29.14)
2025-11-29 01:18 - INFO - Instructions with their scores:

[
    {
        "score": 43.63,
        "instructions": [
            "Review the given sentence and make corrections only if it contains grammatical errors or structural issues, ensuring the final sentence is clear, grammatically correct, and properly organized without altering its original meaning.",
            "Review the sentence to correct grammatical errors, remove unnecessary articles—particularly definite articles before plural common nouns when referring to general groups—and adjust punctuation around conjunctions as appropriate to ensure clear, natural, and smoothly flowing text.",
            "Revise the sentence to correct grammatical errors, improve punctuation—including separating run-on or comma splice sentences—and enhance word choice for clarity and readability, while preserving the original meaning."
        ]
    },
    {
        "score": 42.92,
        "instructions": [
            "Identify and correct any grammatical errors in the given sentence while preserving its original meaning and intent, ensuring the revised sentence is clear, coherent, and naturally phrased.",
            "Correct the given sentence by fixing punctuation and capitalization errors to enhance grammatical correctness and clarity.",
            "Review the sentence and make any necessary adjustments to improve grammar and natural usage while preserving the original meaning; if the sentence is already correct and natural, it may remain unchanged."
        ]
    },
    {
        "score": 42.449999999999996,
        "instructions": [
            "Review the given sentence and make any necessary corrections to punctuation and formatting to improve its grammatical accuracy, ensuring no changes are made if the sentence is already correct.",
            "Revise the given sentence to correct grammatical errors, enhance clarity, and improve word choice and phrasing for contextual appropriateness, while preserving the original meaning and ensuring proper punctuation and sentence structure.",
            "Identify and correct all grammatical errors in the given sentence, including issues related to punctuation, capitalization, and syntax, while maintaining the original meaning and overall writing style. Provide the corrected version of the sentence."
        ]
    },
    {
        "score": 41.55,
        "instructions": [
            "Edit the sentence to ensure it adheres to standard English grammar and punctuation while preserving its original meaning and tone; if the sentence is already correct, make no changes.",
            "Revise the given sentence to correct grammatical errors, punctuation, and sentence structure, improve word choice, and enhance overall clarity and fluency, while preserving the original meaning and content.",
            "Identify and correct grammatical errors in the given sentence to produce a fluent, accurate version that preserves the original meaning, punctuation, and sentence structure."
        ]
    },
    {
        "score": 40.699999999999996,
        "instructions": [
            "Revise the sentence to correct grammatical errors, including verb forms and possessive constructions, while preserving the original meaning.",
            "Revise the sentence to improve its grammatical correctness, clarity, and naturalness while preserving the original meaning.",
            "Identify and correct any grammatical errors in the provided sentence. If no errors are present, return the original sentence unchanged. Ensure that the corrected sentence maintains the original meaning."
        ]
    },
    {
        "score": 40.28,
        "instructions": [
            "Revise the given sentence to correct grammatical errors—including issues with syntax, word usage, and missing elements—while maintaining its original meaning and writing style characteristics such as tone, formality, and phrasing.",
            "Review the given sentence and make any necessary corrections to grammar and punctuation to ensure accuracy, while preserving the original meaning; if the sentence is already correct, return it unchanged.",
            "Revise the given sentence to improve grammar, punctuation (including proper use of commas in lists), capitalization, word choice (favoring clear and appropriate terms), and consistency in number (singular/plural forms), ensuring clarity, correctness, and a coherent, standardized style."
        ]
    },
    {
        "score": 38.32,
        "instructions": [
            "Review the given sentence to identify and correct grammatical and idiomatic errors, including appropriate prepositional usage, while improving clarity and fluency without altering the original meaning.",
            "Revise the given sentence to improve grammatical correctness, punctuation, capitalization, and overall clarity, including restructuring or splitting sentences if needed, while preserving the original meaning.",
            "Identify and correct any errors related to capitalization in the given sentence, ensuring proper use of uppercase and lowercase letters while preserving the original meaning. Provide the corrected version of the sentence."
        ]
    },
    {
        "score": 31.45,
        "instructions": [
            "Revise the given sentence to correct all grammatical errors, punctuation issues, sentence boundary problems (such as run-ons or fragments), and improper word choices, producing a clear, well-structured, and error-free version.",
            "Revise the sentence to enhance its overall grammatical correctness—including punctuation, word choice, verb forms, article usage, idiomatic expressions, and prepositional phrases—while preserving the original meaning.",
            "Revise the given sentence to enhance its grammatical correctness, clarity, fluency, and logical coherence while preserving the original meaning. Address issues such as redundant or awkward phrasing, unnecessary or missing words, and ensure appropriate sentence structure, word choice, and punctuation."
        ]
    },
    {
        "score": 29.87,
        "instructions": [
            "Revise the given text to correct grammatical errors, improve word choice and phrasing, and enhance overall clarity and naturalness, while preserving the original meaning.",
            "Identify and correct common grammatical errors in the given sentence, such as capitalization and punctuation mistakes, while preserving its original meaning.",
            "Your task is to revise the given sentence by correcting grammatical and punctuation errors, enhancing word choice, and improving clarity and fluency, while preserving the original meaning and tone."
        ]
    },
    {
        "score": 29.14,
        "instructions": [
            "Revise the sentence to correct grammatical and word choice errors, rephrase awkward expressions for improved naturalness, and enhance overall fluency and coherence while preserving the original meaning.",
            "Correct the given sentence to improve its grammatical accuracy, including proper hyphenation and spacing of compound modifiers, while preserving the original meaning.",
            "Identify and correct grammatical and syntactic errors in the given sentence, including issues with verb forms, prepositions, conjunctions, and punctuation. Revise the sentence as needed to improve clarity, fluency, and naturalness while preserving its original meaning."
        ]
    }
]
2025-11-29 01:36 - INFO - sorted_valid_scores = (46.11, 45.71, 45.15, 44.07, 37.41, 34.839999999999996, 31.59, 28.51, 24.21, 20.59)
2025-11-29 01:36 - INFO - Instructions with their scores:

[
    {
        "score": 46.11,
        "instructions": [
            "Review the given sentence and correct any grammatical errors without changing its original meaning. If the sentence is already grammatically correct, return it unchanged.",
            "Identify and correct any grammatical errors in the given sentence while maintaining its original meaning. Provide the corrected sentence using clear and natural language without altering the intended message.",
            "Identify and correct any grammatical errors in the given sentence, including issues with verb tense, agreement, word order, and missing or incorrect pronouns, to produce a clear, coherent, and grammatically accurate version."
        ]
    },
    {
        "score": 45.71,
        "instructions": [
            "Review the given sentence for any grammatical errors, including issues with verb tense and form, and provide a corrected version that maintains the original meaning.",
            "Please proofread the given sentence and correct all errors related to grammar, punctuation, capitalization, word choice, and sentence clarity, ensuring that the original meaning is preserved.",
            "Review the sentence and correct any grammatical errors while preserving its original meaning; if the sentence is already grammatically correct, return it unchanged."
        ]
    },
    {
        "score": 45.15,
        "instructions": [
            "Review the given sentence and make any necessary punctuation corrections to ensure grammatical accuracy; if the punctuation is already correct, return the sentence unchanged.",
            "Review the given sentence and correct any grammatical errors while maintaining its original meaning. If the sentence contains no grammatical errors, return it exactly as provided.",
            "Revise the given sentence to correct any grammatical or punctuation errors while maintaining its original meaning, tone, and style."
        ]
    },
    {
        "score": 44.07,
        "instructions": [
            "Identify and correct errors related to grammar, word choice, and phrasing in the given sentence to improve its clarity and correctness, while preserving the original meaning.",
            "Identify and correct grammatical errors in the given sentence, including capitalization mistakes, while preserving the original meaning and avoiding changes to style or word choice.",
            "Identify and correct any grammatical errors in the given sentence while preserving its original meaning. Provide only the corrected sentence as the output."
        ]
    },
    {
        "score": 37.41,
        "instructions": [
            "Identify and correct grammatical errors—including punctuation, article usage, and word choice—to produce a clear and fluent sentence while preserving the original meaning and style.",
            "Revise the given sentence to eliminate grammatical errors and improve fluency and naturalness while preserving the original meaning and details.",
            "Revise the given sentence to correct grammatical errors, improve phrasing and word choice—including appropriate prepositions and verb forms—ensure proper punctuation, and adjust sentence structure or tense as needed, all while preserving the original meaning. Provide the corrected sentence in a clear, natural, and fluent form."
        ]
    },
    {
        "score": 34.839999999999996,
        "instructions": [
            "Review the sentence and correct any punctuation or formatting errors to ensure it is properly structured and grammatically correct; if no errors are present, make no changes.",
            "Review the given sentence and make any necessary corrections to grammar and punctuation without changing its original meaning. If the sentence is already correct, return it unchanged.",
            "Identify and correct any grammatical errors, and revise the sentence to enhance clarity, naturalness, and readability by replacing awkward or unnatural expressions with more idiomatic and standard phrasing, while preserving the original meaning."
        ]
    },
    {
        "score": 31.59,
        "instructions": [
            "Revise the given sentence to improve grammar, word choice for precision and naturalness, punctuation for readability, parallel structure, and conjunction usage, while preserving the original meaning.",
            "Review the given sentence and correct any grammatical or usage errors, such as improper word forms or parts of speech, to enhance its correctness and clarity while preserving the original meaning.",
            "Correct grammatical errors in the text while preserving its original meaning, including fixing punctuation, spelling, sentence structure, and appropriately separating or combining clauses to improve clarity."
        ]
    },
    {
        "score": 28.51,
        "instructions": [
            "Revise the given sentence to correct grammatical errors and improve clarity, coherence, and overall fluency while preserving the original meaning.",
            "Please revise the given sentence to correct all grammatical and punctuation errors, including the addition of necessary auxiliary verbs or minor rephrasing, while maintaining the original meaning and overall style.",
            "Revise the given sentence to enhance clarity, grammar, word choice, punctuation, and overall naturalness, making any necessary adjustments—including paraphrasing or idiomatic substitutions—while preserving the original meaning."
        ]
    },
    {
        "score": 24.21,
        "instructions": [
            "Improve the sentence by enhancing its grammar, clarity, and explicitness while maintaining its original meaning.",
            "Revise the given sentence to correct grammar, replace awkward or uncommon expressions with more natural and standard phrasing, and ensure overall clarity and fluency while maintaining the original meaning.",
            "Review the given sentence to improve clarity and naturalness by correcting grammatical errors, refining awkward or unclear phrasing, and adjusting word choice or style as needed, while preserving the original meaning."
        ]
    },
    {
        "score": 20.59,
        "instructions": [
            "Identify and correct all grammatical errors, including capitalization, punctuation, and tense, in the sentence while maintaining its original meaning.",
            "Identify and correct any grammatical errors—including punctuation, article usage, and word choice—to produce a clear, natural, and grammatically correct sentence.",
            "Rewrite the given sentence to enhance its style and clarity by making it more natural, idiomatic, and effectively expressed without altering its original meaning."
        ]
    }
]
2025-11-29 01:50 - INFO - sorted_valid_scores = (49.85, 46.11, 44.25, 42.79, 42.230000000000004, 37.72, 32.17, 28.79, 28.42, 27.939999999999998)
2025-11-29 01:50 - INFO - Instructions with their scores:

[
    {
        "score": 49.85,
        "instructions": [
            "Identify and correct any grammatical errors in the given sentence while preserving its original meaning. Ensure the revised sentence is clear, well-structured, and maintains the intended message without adding new information or stylistic changes beyond necessary corrections.",
            "Revise the given text to correct grammatical errors, improve clarity and naturalness, enhance sentence structure and punctuation, appropriately segment or combine sentences, adjust article use, and refine word choice without altering the original meaning.",
            "Review the given sentence and correct any grammatical errors without changing its original meaning. If the sentence is already grammatically correct, return it unchanged."
        ]
    },
    {
        "score": 46.11,
        "instructions": [
            "Identify and correct any grammatical errors in the given sentence while preserving its original meaning and style. If no errors are present, return the sentence unchanged.",
            "Revise the given sentence to correct any grammatical errors—including subject-verb agreement, article usage, and punctuation—and improve clarity, natural phrasing, and overall fluency, ensuring the meaning remains unchanged.",
            "Revise the given sentence to correct any grammatical errors and improve clarity and naturalness, ensuring that the original meaning and intent are fully preserved without adding or removing information."
        ]
    },
    {
        "score": 44.25,
        "instructions": [
            "Identify and correct any grammatical errors, focusing on punctuation and syntax, in the given sentence to produce a clear and properly written version.",
            "Review the given sentence and revise it to correct grammatical and syntactic errors, improve clarity, and ensure natural, fluent, and well-structured expression while preserving the original meaning.",
            "Review the given sentence and correct any grammatical errors while preserving its original meaning. If the sentence contains no grammatical errors, return it unchanged as the output."
        ]
    },
    {
        "score": 42.79,
        "instructions": [
            "Identify and correct any grammatical errors in the given sentence while preserving its original meaning and tone. This includes appropriately adjusting punctuation (such as commas, periods, and semicolons), article usage, verb tense, word order, and wording to produce a grammatically correct and clear sentence. Any punctuation changes should support the sentence’s natural flow and clarity without altering its intent.",
            "Revise the given sentence to enhance grammatical correctness, clarity, and natural flow while maintaining its original meaning. Address issues such as pronoun use, redundancy, awkward phrasing, sentence structure, word choice, and punctuation as needed, allowing for edits ranging from minor corrections to more substantial rephrasing without adding or removing content.",
            "Correct the given sentence by fixing any grammatical, punctuation (including missing or extra punctuation marks), capitalization, and typographical errors while preserving its original meaning. Provide only the corrected sentence without adding, removing, or altering the content."
        ]
    },
    {
        "score": 42.230000000000004,
        "instructions": [
            "Identify and correct any grammatical errors in the given sentence, including issues related to capitalization, punctuation, verb tense, and agreement, while preserving the original meaning.",
            "Revise the given sentence to correct any grammatical errors related to comparative forms, punctuation, and other relevant areas, while preserving its original meaning and overall style. Adjust only the aspects necessary based on the sentence’s specific issues.",
            "Revise the sentence to improve its grammatical correctness and naturalness, which may include replacing incorrectly used nouns with appropriate gerunds or verbal nouns, while preserving the original meaning."
        ]
    },
    {
        "score": 37.72,
        "instructions": [
            "Revise the given sentence to correct any grammatical errors while preserving its original meaning and ensuring the result is natural and fluent.",
            "Revise the given sentence to improve its grammatical correctness, word choice precision, and overall clarity while maintaining the original meaning and intent.",
            "Review the sentence and correct any punctuation or grammatical errors, ensuring proper use of commas after introductory phrases, while preserving the original meaning."
        ]
    },
    {
        "score": 32.17,
        "instructions": [
            "Rewrite the given sentence to correct grammatical errors, improve clarity and fluency, and enhance punctuation, while preserving the original meaning.",
            "Revise the sentence to correct any grammatical errors, improve punctuation, and enhance overall fluency and naturalness.",
            "Identify and correct grammatical errors in the given sentences, including capitalization, punctuation, and word usage, while preserving the original meaning and style."
        ]
    },
    {
        "score": 28.79,
        "instructions": [
            "Rewrite the given sentence to enhance clarity, fluency, or style while preserving its original meaning.",
            "Revise the sentence to correct grammatical issues by ensuring appropriate use of prepositional phrases and proper punctuation—including hyphenation in compound modifiers—to produce a clear and correctly structured version.",
            "Revise the given sentence to correct grammatical errors, enhance clarity and readability, and replace any vague or awkward expressions with more precise and natural wording, while preserving the original meaning."
        ]
    },
    {
        "score": 28.42,
        "instructions": [
            "Revise the sentence to correct grammatical errors, enhance clarity, and improve word choice by selecting more precise and natural language, while preserving the original meaning.",
            "Revise the provided sentence to improve grammar, punctuation, capitalization, word choice, pluralization, and stylistic consistency, ensuring it is clear, natural, and grammatically correct.",
            "Identify and correct any grammatical errors in the given sentence, ensuring the original meaning is preserved and the sentence remains clear and syntactically correct."
        ]
    },
    {
        "score": 27.939999999999998,
        "instructions": [
            "Revise the given sentence to correct grammatical errors and improve clarity and fluency, allowing for necessary adjustments in sentence structure and word choice while preserving the original meaning.",
            "Revise the sentence to improve grammar, clarity, and naturalness by selecting more precise vocabulary and appropriate synonyms, while preserving the original meaning.",
            "Revise the sentence to correct grammatical errors—such as missing pronouns or incorrect modal verbs—and enhance clarity while maintaining the original meaning."
        ]
    }
]
2025-11-29 16:37 - INFO - sorted_valid_scores = (46.739999999999995, 44.72, 40.300000000000004, 37.1, 36.42, 36.22, 33.75, 33.6, 32.58, 25.430000000000003)
2025-11-29 16:37 - INFO - Instructions with their scores:

[
    {
        "score": 46.739999999999995,
        "instructions": [
            "Review the given sentence and make corrections to punctuation and formatting only if errors are present; otherwise, leave the sentence unchanged.",
            "Identify and correct grammatical errors in the given sentence while preserving its original meaning. Focus on ensuring proper noun number, appropriate word choice, and overall grammatical correctness, including improving lexical suitability when necessary.",
            "Edit the sentence to fix any grammatical errors, including incorrect word forms, and enhance clarity and word choice while maintaining the original meaning."
        ]
    },
    {
        "score": 44.72,
        "instructions": [
            "Identify and correct any grammatical errors and common punctuation mistakes—such as missing commas after introductory phrases or extraneous punctuation—to produce a properly written sentence that preserves the original meaning and wording with only minimal necessary changes.",
            "Revise the given sentence to enhance its grammar, punctuation, clarity, and overall readability without altering its original meaning. Ensure consistent verb tense and mood, correct use of articles and prepositions, and improve sentence structure by appropriately splitting or combining sentences as needed.",
            "Review the given sentence and revise it to correct any grammatical, punctuation, lexical, or stylistic errors, enhancing clarity and coherence while preserving the original meaning and intent."
        ]
    },
    {
        "score": 40.300000000000004,
        "instructions": [
            "Identify and correct any grammatical errors in the given sentence while preserving its original meaning; if no clear errors are present, the sentence should remain unchanged.",
            "Revise the given sentence to correct grammatical errors and improve fluency, clarity, and naturalness while preserving the original meaning.",
            "Review the given sentence to identify and correct any grammatical errors, ensuring the revised sentence is both grammatically accurate and natural in tone."
        ]
    },
    {
        "score": 37.1,
        "instructions": [
            "Review the given sentence and revise it to correct any grammatical errors and improve clarity and naturalness, while preserving the original meaning.",
            "Review the given sentence and correct any grammatical errors while preserving its original meaning. If the sentence is already grammatically correct, return it unchanged.",
            "Identify and correct grammatical, lexical, and punctuation issues in the given sentence to enhance accuracy, naturalness, and readability, including appropriate word choice and stylistic improvements, while preserving the original meaning."
        ]
    },
    {
        "score": 36.42,
        "instructions": [
            "Please review the given sentence and revise it to correct any grammatical errors, improve clarity, and enhance naturalness by addressing awkward phrasing, inappropriate word choice, and idiomatic expression, while preserving the original meaning.",
            "Identify and correct grammatical errors in the given sentences, including issues with capitalization at the beginning of sentences, word choice, and preposition usage, while maintaining the original meaning and punctuation as closely as possible. Provide the revised sentences with appropriate capitalization and accurate grammar.",
            "Revise the sentence to enhance its grammatical accuracy, clarity, coherence, and overall readability while preserving the original meaning. Pay attention to appropriate punctuation, consistent verb forms, word choice, and subtle stylistic adjustments that improve fluency without altering intent."
        ]
    },
    {
        "score": 36.22,
        "instructions": [
            "Review the given sentence and correct any grammatical, typographical, or punctuation errors while maintaining the original meaning. Provide the fully corrected version of the sentence.",
            "Revise the sentence(s) to enhance grammatical correctness and natural, idiomatic expression while preserving the original meaning.",
            "Identify and correct grammatical and punctuation errors in the given sentence, and enhance its clarity, coherence, and fluency while preserving the original meaning, tone, and style."
        ]
    },
    {
        "score": 33.75,
        "instructions": [
            "Revise the sentence to correct grammatical errors related to word form, number agreement, and verb usage, and improve word choice for clarity and naturalness while preserving the original meaning.",
            "Revise the sentence by identifying and correcting grammatical errors—including verb forms, possessive constructions, and other syntax issues—to produce a natural, clear, and accurate version.",
            "Identify and correct any grammatical errors in the given sentence, including word form usage, to enhance its grammatical correctness and natural flow while preserving the original meaning."
        ]
    },
    {
        "score": 33.6,
        "instructions": [
            "Review the given sentence and revise it to correct grammatical errors, improve word choice, and enhance overall clarity and fluency while preserving the original meaning.",
            "Edit the given sentence to correct grammatical errors, improve clarity and readability, and enhance overall coherence and style without changing its original meaning.",
            "Identify and correct any grammatical errors in the given sentence—such as issues with verb tense, subject-verb agreement, punctuation, and word form—while preserving its original meaning, phrasing, and tone. Provide the corrected sentence."
        ]
    },
    {
        "score": 32.58,
        "instructions": [
            "Revise the given sentence to improve its grammatical accuracy, pluralization, and use of contextually appropriate vocabulary, while maintaining the original meaning as closely as possible.",
            "Revise the given sentence to improve its grammar, punctuation, and word choice for greater clarity and naturalness, while preserving the original meaning.",
            "Identify and correct any grammatical errors in the given sentence—such as incorrect verb forms or subject-verb agreement—while preserving its original meaning. Provide the fully corrected sentence."
        ]
    },
    {
        "score": 25.430000000000003,
        "instructions": [
            "Improve the sentence by replacing uncommon or awkward word choices with more natural alternatives, enhancing article usage and overall clarity, and allowing minor structural adjustments, all while preserving the original meaning.",
            "Revise the sentence to enhance clarity and naturalness by correcting grammar, improving word choice for semantic accuracy and formality, standardizing terminology, expanding abbreviations as needed, and applying consistent style and punctuation conventions.",
            "Revise the given sentence to correct any grammatical errors, improve clarity, and enhance naturalness of expression, while preserving the original meaning and producing a fluent, coherent, and grammatically correct version."
        ]
    }
]
2025-11-29 17:28 - INFO - sorted_valid_scores = (45.379999999999995, 43.95, 43.16, 42.25, 42.199999999999996, 35.449999999999996, 31.180000000000003, 29.87, 28.060000000000002, 24.060000000000002)
2025-11-29 17:28 - INFO - Instructions with their scores:

[
    {
        "score": 45.379999999999995,
        "instructions": [
            "Review the given sentence for any grammatical errors—including issues with word forms, syntax, punctuation, and agreement—and correct them while preserving the original meaning.",
            "Correct the sentence by addressing grammatical errors such as capitalization, punctuation, and subject-verb agreement, while preserving the original meaning.",
            "Identify and correct grammatical errors in the given sentences while preserving their original meaning and punctuation. Ensure proper capitalization at the beginning of sentences, appropriate word choice including prepositions, and correct sentence structure in the revised output."
        ]
    },
    {
        "score": 43.95,
        "instructions": [
            "Revise the text to correct grammatical errors, such as missing or incorrect verbs and awkward phrasing, while maintaining the original meaning and clarity.",
            "Review the given sentence and correct any grammatical errors, including issues with punctuation, article usage, and sentence structure, to produce a clear, natural, and grammatically accurate version without changing its original meaning.",
            "Review the given text and make only the grammatical corrections needed, ensuring the original meaning and style remain unchanged. If the text is already grammatically correct, leave it as is."
        ]
    },
    {
        "score": 43.16,
        "instructions": [
            "Review the given sentence and make grammatical corrections only if necessary, ensuring the original meaning remains unchanged; if the sentence is already grammatically correct, return it as is.",
            "Review the given sentence and make only the necessary corrections to grammar and punctuation to improve its accuracy, while maintaining the original meaning and overall sentence structure.",
            "Edit the given sentence to correct any grammatical errors, ensure proper punctuation—including hyphenation in compound modifiers—and improve overall clarity. Provide the revised version of the sentence without changing its original meaning."
        ]
    },
    {
        "score": 42.25,
        "instructions": [
            "Review the given sentence for any grammatical errors and revise it to produce a clear, well-structured, and grammatically correct version. If the sentence is already correct, return it unchanged.",
            "Identify and correct any grammatical, capitalization, spelling, or typographical errors in the given sentence, making only minimal changes necessary to preserve its original meaning and overall structure.",
            "Revise the given sentence to improve its grammatical correctness, clarity, and coherence while preserving the original meaning."
        ]
    },
    {
        "score": 42.199999999999996,
        "instructions": [
            "Identify and correct any grammatical errors in the given sentence. If no errors are present, return the sentence unchanged.",
            "Edit the given text to correct grammatical errors and improve clarity by revising awkward or unnatural phrasing, ensuring the original meaning remains unchanged.",
            "Correct the given sentence by addressing any grammatical errors—including punctuation and article usage—to produce a clear, fluent, and natural-sounding version."
        ]
    },
    {
        "score": 35.449999999999996,
        "instructions": [
            "Identify and correct any grammatical errors in the given sentence, including issues with capitalization, punctuation, and agreement. Provide the corrected sentence.",
            "Review the sentence and make any necessary grammatical corrections without altering its original meaning; if the sentence is already grammatically correct, leave it unchanged.",
            "Revise the given sentence to improve its grammatical correctness and overall clarity by addressing issues such as missing or awkward phrasing, sentence structure, and word choice, while retaining the original meaning and intent."
        ]
    },
    {
        "score": 31.180000000000003,
        "instructions": [
            "Identify and correct grammatical, lexical, and structural errors in the given sentence to produce a clear, natural, and semantically accurate version that preserves the original meaning.",
            "Revise the sentence to enhance grammatical correctness, clarity, and natural expression while maintaining the original meaning and appropriate tense usage.",
            "Revise the given text to correct grammatical, lexical, and idiomatic errors, improve fluency and naturalness, and restructure sentences as needed, while preserving the original meaning."
        ]
    },
    {
        "score": 29.87,
        "instructions": [
            "Revise the given sentence to correct grammatical errors, improve clarity and coherence, eliminate redundancy or awkward phrasing, and enhance overall readability, while preserving the original meaning and intent.",
            "Identify and correct grammatical errors in the given sentence—such as incorrect adjective or adverb usage—to produce a fluent and natural version without changing the original meaning.",
            "Identify and correct grammatical errors in the given sentence, including issues with verb forms, pronouns, and modality, to produce a clear, natural, and grammatically accurate version without changing the original meaning."
        ]
    },
    {
        "score": 28.060000000000002,
        "instructions": [
            "Revise the given sentence to correct any grammatical errors and improve its fluency and naturalness, ensuring the resulting sentence is clear, coherent, and stylistically appropriate.",
            "Identify and correct punctuation errors in the given sentence, including missing or misplaced commas after introductory words or phrases, to ensure it adheres to standard grammatical conventions.",
            "Identify and correct any grammatical errors in the sentence while preserving its original meaning."
        ]
    },
    {
        "score": 24.060000000000002,
        "instructions": [
            "Identify and correct all grammatical errors in the given sentence, including verb forms and possessive constructions, while preserving its original meaning and providing a clear, grammatically accurate version.",
            "Revise the sentence to improve its grammatical correctness, clarity, and overall readability while preserving the original meaning. Address issues such as redundancy, awkward phrasing, and sentence structure to create a more coherent and fluent expression.",
            "Identify and correct grammatical errors in the given sentence, including improper word forms or parts of speech, to produce a grammatically correct and natural-sounding sentence."
        ]
    }
]
2025-11-30 20:59 - INFO - sorted_valid_scores = (44.96, 40.699999999999996, 38.41, 37.78, 37.769999999999996, 36.919999999999995, 34.12, 32.22, 31.59, 30.4)
2025-11-30 20:59 - INFO - Instructions with their scores:

[
    {
        "score": 44.96,
        "instructions": [
            "Identify and correct any grammatical errors or usage issues in the sentence to improve its correctness and clarity, while preserving the original meaning and intent.",
            "Revise the given sentences to ensure correct grammar, punctuation, capitalization, and appropriate word choice, while preserving their original meaning and coherence.",
            "Identify and correct all grammatical errors in the given sentence while maintaining its original meaning, then provide the fully corrected sentence as the output."
        ]
    },
    {
        "score": 40.699999999999996,
        "instructions": [
            "Identify and correct any grammatical, punctuation, and capitalization errors in the given sentence while preserving its original meaning and overall structure.",
            "Identify and correct grammatical errors, fix punctuation and spacing issues, and adjust typographical conventions—such as hyphenation and compound word formatting—to enhance sentence clarity while preserving the original meaning.",
            "Revise the sentence to correct any grammatical errors and improve fluency, including appropriate word choice, while preserving the original meaning."
        ]
    },
    {
        "score": 38.41,
        "instructions": [
            "Identify and correct grammatical errors related to word usage and form in the given sentence, ensuring that the original meaning and intent are accurately preserved.",
            "Identify and correct grammatical errors in the given sentence, including issues with verb modality, pronoun usage, and sentence completeness, while maintaining the original meaning and tone without adding new information or altering the intended message.",
            "Revise the given sentence by correcting punctuation and capitalization errors and improving word choice for grammatical accuracy, naturalness, and contextual appropriateness, including adjustments such as pluralization and substituting less common or awkward words with more natural alternatives."
        ]
    },
    {
        "score": 37.78,
        "instructions": [
            "Review the provided sentence and revise it to ensure it is grammatically correct and reads naturally, making only necessary adjustments. If the sentence is already clear and correct, return it exactly as given.",
            "Revise the given sentence or sentences to correct grammatical errors, improve punctuation and word choice, clarify meaning, and enhance overall readability and flow, including restructuring or splitting sentences if needed, while preserving the original meaning.",
            "Revise the given sentence to correct all grammatical errors, including punctuation, verb usage, and agreement, while maintaining the original meaning and ensuring natural, fluent phrasing."
        ]
    },
    {
        "score": 37.769999999999996,
        "instructions": [
            "Edit the sentence to correct any grammatical errors, including necessary additions or modifications for clarity, while maintaining the original meaning and intent without introducing new information.",
            "Identify and correct any grammatical errors in the given sentence, including verb forms and agreement, while preserving its original meaning. Provide a corrected sentence that is both grammatically correct and naturally fluent.",
            "Review the sentence and correct any grammatical, stylistic, or idiomatic errors to enhance its accuracy, clarity, and naturalness."
        ]
    },
    {
        "score": 36.919999999999995,
        "instructions": [
            "Edit the sentence to correct grammatical errors—including punctuation and verb tense—and improve clarity and fluency while preserving the original meaning.",
            "Identify and correct any grammatical errors in the given sentence while preserving its original meaning and context. Additionally, improve clarity and naturalness of phrasing without changing the intended message. Provide the revised, grammatically correct version of the sentence.",
            "Identify and correct any grammatical and capitalization errors in the given sentence while preserving its original meaning and style. Provide the fully corrected sentence as your output."
        ]
    },
    {
        "score": 34.12,
        "instructions": [
            "Revise the sentence to correct grammatical errors, ensure proper use of articles and prepositions, apply appropriate punctuation, and improve overall clarity and fluency while adhering to standard English conventions.",
            "Correct any grammatical errors in the given sentence, including necessary insertions, deletions, or adjustments of function words, while maintaining the original meaning. Provide the corrected sentence with clear and natural phrasing.",
            "Revise the sentence to improve its grammar, word choice, and naturalness while preserving the original meaning."
        ]
    },
    {
        "score": 32.22,
        "instructions": [
            "Revise the given sentence to correct grammatical errors and improve overall clarity and fluency. Ensure proper use of verb tenses, articles, word forms, punctuation, and capitalization, while also refining phrasing for natural and idiomatic expression without changing the original meaning.",
            "Identify and correct any grammatical errors in the sentence, including verb form and usage mistakes, while preserving its original meaning.",
            "Identify and correct any grammatical errors and capitalization issues in the given sentence while preserving its original meaning. Provide the corrected sentence with appropriate grammar and capitalization."
        ]
    },
    {
        "score": 31.59,
        "instructions": [
            "Revise the input text to correct grammatical errors and improve overall clarity and naturalness, ensuring the result is fluent and logically coherent.",
            "Please identify and correct grammatical errors, ensure consistent tense usage, and improve word choice to enhance the overall fluency and coherence of the sentence, while preserving its original meaning.",
            "Revise the given sentence to correct grammatical errors, focusing on proper punctuation, article usage, and sentence structure, in order to produce a clear, natural, and fluent version."
        ]
    },
    {
        "score": 30.4,
        "instructions": [
            "Review the sentence to correct grammatical errors (including punctuation, verb tense, and agreement), improve clarity and flow, and enhance naturalness by refining vocabulary and phrasing as needed, while preserving the original meaning.",
            "Identify and correct grammatical, punctuation, and usage errors—including issues with articles, word choice, and idiomatic expressions—in the given text to improve clarity, readability, and correctness while preserving the original meaning. Revise sentence structure as needed, which may include splitting, combining, or reordering sentences. Provide the improved text reflecting these changes.",
            "Identify and correct grammatical errors in the given sentence—such as issues with verb tense, agreement, article usage, and pluralization—while preserving the original meaning, and provide a revised version that is fluent and grammatically accurate."
        ]
    }
]
2025-11-30 21:06 - INFO - sorted_valid_scores = (44.55, 41.980000000000004, 40.03, 39.12, 39.08, 36.47, 35.97, 35.06, 34.68, 27.889999999999997)
2025-11-30 21:06 - INFO - Instructions with their scores:

[
    {
        "score": 44.55,
        "instructions": [
            "Review the provided sentence and correct any grammatical errors it contains. If no grammatical errors are present, return the sentence unchanged without making additional stylistic or punctuation changes.",
            "Identify and correct any grammatical errors in the given sentence, including issues with capitalization, punctuation, and word choice, while preserving the original meaning.",
            "Identify and correct all grammatical errors in the given sentence while preserving its original meaning. Output the fully corrected sentence."
        ]
    },
    {
        "score": 41.980000000000004,
        "instructions": [
            "Correct the grammatical errors in the given text while preserving its original meaning and style. Ensure proper capitalization at the beginning of sentences, correct punctuation, appropriate word choice, and necessary minor prepositional adjustments throughout the text.",
            "Revise the given text to improve its grammatical correctness, word choice, and overall clarity while maintaining the original meaning and tone.",
            "Revise the sentence to correct grammatical errors, including punctuation, word choice, article usage, and verb forms, while maintaining the original meaning and overall sentence structure."
        ]
    },
    {
        "score": 40.03,
        "instructions": [
            "Review the given sentence and correct any grammatical errors found; if the sentence is already grammatically correct, return it unchanged.",
            "Revise the given sentence to correct any grammatical errors, improve word choice and style, and enhance clarity and natural flow, while preserving the original meaning.",
            "Review the given text and make corrections only if there are errors in grammar or punctuation; if the text is already correct, no changes are needed."
        ]
    },
    {
        "score": 39.12,
        "instructions": [
            "Identify and correct errors in grammar, word usage, and phrasing to produce a clear, accurate, and natural-sounding sentence.",
            "Identify and correct any grammatical errors in the given sentence to produce a revised version that is grammatically accurate and reads naturally.",
            "Review the provided sentence and make any necessary corrections to ensure it is grammatically correct and clearly expressed. If the sentence is already free of grammatical errors and conveys its meaning clearly without awkward phrasing, reproduce it exactly as given."
        ]
    },
    {
        "score": 39.08,
        "instructions": [
            "Review the given sentence and make any necessary grammatical corrections without changing its original meaning; if the sentence is already grammatically correct, leave it unchanged.",
            "Identify and correct any grammatical and punctuation errors in the sentence to improve clarity and proper structure, while preserving the original meaning and style.",
            "Revise the sentence to improve its grammatical correctness, clarity, and naturalness, addressing any awkward phrasing or semantic ambiguity, while maintaining its original meaning."
        ]
    },
    {
        "score": 36.47,
        "instructions": [
            "Revise the given sentence to improve its grammatical correctness, punctuation, and clarity without changing its original meaning or intent.",
            "Identify and correct any grammatical errors in the given sentence to produce a clear and grammatically accurate version.",
            "Edit the given text to correct grammatical errors, enhance naturalness and fluency, ensure proper punctuation and word choice, and preserve the original meaning."
        ]
    },
    {
        "score": 35.97,
        "instructions": [
            "Identify and correct grammatical errors in the sentence, with particular attention to proper word usage, punctuation, and hyphenation of compound modifiers, ensuring the original meaning and style are maintained.",
            "Revise the given sentence to improve its clarity and naturalness by correcting grammar, punctuation (including adding any missing marks), word choice, and eliminating redundancy or unnecessary words, without changing the original meaning.",
            "Please revise the given sentence to correct grammatical errors, eliminate awkward phrasing, improve clarity and naturalness, and ensure proper sentence structure, all while preserving the original meaning."
        ]
    },
    {
        "score": 35.06,
        "instructions": [
            "Review the given sentence and improve its clarity and readability by correcting all grammatical and punctuation errors, including adding missing punctuation and appropriately splitting or restructuring sentences, while preserving the original meaning.",
            "Identify and correct any grammatical errors in the given text while preserving its original meaning. Provide only the corrected text as output.",
            "Revise the given sentence to correct grammatical errors, improve word choice and phrasing, clarify any ambiguous or awkward expressions, and ensure proper sentence structure and punctuation, producing a clear, natural, and accurate version that preserves the original meaning."
        ]
    },
    {
        "score": 34.68,
        "instructions": [
            "Identify and correct any grammatical errors in the given sentence, including issues with word usage, sentence structure, modality, and missing elements, while preserving its original meaning as accurately as possible. Provide the corrected sentence in a clear and grammatically correct form.",
            "Revise the given sentence to produce a grammatically correct, clear, and natural-sounding version by correcting errors in grammar, tense consistency, subject-verb agreement, article usage, punctuation, and word choice or phrasing to improve readability and clarity without changing the original meaning.",
            "Revise the sentence to enhance grammatical accuracy, word choice, sentence structure, and overall readability while preserving its original meaning."
        ]
    },
    {
        "score": 27.889999999999997,
        "instructions": [
            "Rewrite the sentence to enhance its clarity and style while maintaining its original meaning.",
            "Identify and correct any grammatical errors in the given sentence to improve its accuracy and clarity, ensuring proper use of word forms and structures without altering the original meaning.",
            "Revise the sentence to improve its grammar, clarity, coherence, and naturalness while preserving the original meaning."
        ]
    }
]
2025-11-30 21:22 - INFO - sorted_valid_scores = (45.01, 42.02, 41.339999999999996, 41.33, 37.47, 36.86, 34.52, 33.6, 33.22, 32.15)
2025-11-30 21:22 - INFO - Instructions with their scores:

[
    {
        "score": 45.01,
        "instructions": [
            "Identify and correct grammatical errors, ensure appropriate use of modal verbs, and revise pronouns as needed to make the sentence clear, natural, and unambiguous without changing its original meaning.",
            "Review the provided sentence for any clear grammatical errors, such as incorrect verb tense, subject-verb agreement, punctuation, or word order, and correct them as needed. If the sentence is grammatically correct, reproduce it exactly as given. In cases of ambiguity or stylistic nuances, prioritize maintaining the original meaning and standard grammar conventions.",
            "Review the text to identify and correct grammatical errors—including punctuation, capitalization (such as at the beginning of sentences), word choice, and preposition usage—to produce a coherent, well-formed, and natural-sounding passage."
        ]
    },
    {
        "score": 42.02,
        "instructions": [
            "Identify and correct grammatical errors in the given sentence, including issues with phrasing, punctuation, and the proper use and spacing of hyphens, to produce a clear and grammatically accurate version.",
            "Identify and correct any grammatical errors in the given sentence, returning the original sentence unchanged if no errors are present.",
            "Identify and correct any grammatical errors in the given sentence, including verb forms, possessive constructions, and punctuation, to produce a clear, properly structured, and natural-sounding sentence without altering its original meaning."
        ]
    },
    {
        "score": 41.339999999999996,
        "instructions": [
            "Identify and correct all grammatical errors in the given sentence, including verb form consistency, while maintaining its original meaning and producing a clear, grammatically correct sentence.",
            "Review the given sentence and correct any grammatical errors found, ensuring the original meaning is preserved; if no errors are present, return the sentence unchanged.",
            "Revise the given sentence to correct grammatical errors, improve punctuation and capitalization, enhance sentence structure for clarity, and appropriately introduce sentence boundaries by splitting run-on sentences or overly long sentences into separate, coherent sentences."
        ]
    },
    {
        "score": 41.33,
        "instructions": [
            "Review the given sentence and make any necessary corrections to grammar and punctuation while preserving its original meaning; if the sentence is already correct, leave it unchanged.",
            "Revise the given sentence to correct grammatical errors—including subject-verb agreement, article usage, punctuation, and verb phrase construction—and enhance overall fluency and clarity, while preserving the original meaning.",
            "Revise the given sentence to correct grammatical errors, standardize capitalization, appropriately use punctuation (including commas), and choose words for clarity and naturalness, ensuring consistency and proper formatting without altering the original meaning."
        ]
    },
    {
        "score": 37.47,
        "instructions": [
            "Review the given sentence and correct any grammatical errors without altering its original meaning. If the sentence is free of grammatical errors, reproduce it exactly as provided.",
            "Revise the given sentence to correct grammatical errors and improve word choice for clarity and natural phrasing, while preserving the original meaning.",
            "Revise the sentence to enhance its grammatical accuracy, punctuation, word choice, and overall fluency while preserving the original meaning and tone."
        ]
    },
    {
        "score": 36.86,
        "instructions": [
            "Rewrite the given sentence to correct grammar, adjust article usage by adding, removing, or modifying articles as needed for naturalness, and fix punctuation, while preserving the original meaning.",
            "Identify and correct any grammatical errors in the given sentence, including issues with capitalization, punctuation, and syntax, while preserving the original meaning and overall sentence structure.",
            "Identify and correct any grammatical errors in the given sentence, including issues with punctuation and word usage, while maintaining its original meaning. Provide the corrected sentence."
        ]
    },
    {
        "score": 34.52,
        "instructions": [
            "Identify and correct any grammatical errors and improve phrasing as needed to produce a clear, well-structured, and semantically coherent version of the given sentence.",
            "Review the given sentence and correct any capitalization errors according to standard English conventions, ensuring proper nouns are capitalized and common nouns are lowercase. Provide the corrected version of the sentence.",
            "Revise the given sentence to correct grammatical errors—including article usage and negation—and apply appropriate punctuation, ensuring the sentence is clear, natural, and grammatically accurate."
        ]
    },
    {
        "score": 33.6,
        "instructions": [
            "Review the provided sentences and correct any grammatical errors, including punctuation, capitalization (such as at the beginning of sentences), and word choice, to improve clarity and naturalness while preserving the original meaning. Provide the fully corrected text.",
            "Revise the given sentence to improve its grammar, word choice, and clarity while preserving the original meaning and avoiding unnecessary complexity or redundancy.",
            "Revise the given sentence to eliminate all grammatical errors and produce a clear, natural, and grammatically correct version. This includes correcting verb tenses, pronouns, prepositions, modal verbs, and any other necessary adjustments, such as adding missing words, to ensure clarity and proper phrasing without changing the original meaning."
        ]
    },
    {
        "score": 33.22,
        "instructions": [
            "Please revise the given sentence to correct grammatical errors, replace awkward or non-standard expressions with natural and idiomatic alternatives, and improve sentence structure to enhance overall clarity and fluency.",
            "Revise the given sentence to produce a fluent, natural, and grammatically correct version by correcting grammatical errors and improving phrasing and word choice without changing the original meaning.",
            "Identify and correct errors in grammar, punctuation, and spelling in the given sentence while preserving its original meaning without making stylistic changes."
        ]
    },
    {
        "score": 32.15,
        "instructions": [
            "Identify and correct any grammatical errors, including word form and usage issues, in the given sentence while maintaining its original meaning. Return the fully corrected sentence.",
            "Identify and correct any grammatical, punctuation, capitalization, and word choice errors in the given sentence—including issues with verb tense, articles, pronouns, and sentence structure—so that the revised sentence is clear, natural, idiomatic, and grammatically correct without altering its original meaning.",
            "Rewrite the given sentence to enhance clarity and style while preserving its original meaning and overall tone."
        ]
    }
]
2025-11-30 21:40 - INFO - sorted_valid_scores = (42.86, 42.86, 42.230000000000004, 39.67, 38.190000000000005, 34.910000000000004, 33.489999999999995, 33.48, 33.33, 31.879999999999995)
2025-11-30 21:40 - INFO - Instructions with their scores:

[
    {
        "score": 42.86,
        "instructions": [
            "Correct the given sentence for grammatical errors and improve its clarity while maintaining its original meaning and sentence type.",
            "Identify and correct any grammatical errors, including capitalization, punctuation, spelling, and syntax, in the given sentence while preserving its original meaning and sentence structure.",
            "Identify and correct all grammatical and capitalization errors in the given sentence without changing its original meaning or style."
        ]
    },
    {
        "score": 42.86,
        "instructions": [
            "Please identify and correct any grammatical errors in the given sentence, ensuring the original meaning and structure are preserved. Pay particular attention to proper use of comparative forms and correct hyphenation where applicable.",
            "Identify and correct all grammatical errors in the provided text while preserving its original meaning. Adjust punctuation and capitalization as needed to ensure the text is grammatically correct and properly formatted, including any necessary sentence boundary changes.",
            "Revise the given sentence to improve its grammatical accuracy, clarity, and natural flow, including consistent tense usage and appropriate formality, while preserving the original meaning."
        ]
    },
    {
        "score": 42.230000000000004,
        "instructions": [
            "Identify and correct any grammatical errors in the given sentence without changing its original meaning. If the sentence contains no grammatical errors, return it unchanged.",
            "Review the given sentence for grammatical and usage errors, including incorrect word forms such as adjective and adverb misapplications, and revise it to produce a clear, grammatically correct, and naturally phrased sentence in standard English.",
            "Identify and correct grammatical errors, adjust word forms, and refine word choices in the given sentence to produce a fluent, accurate, and naturally expressed version."
        ]
    },
    {
        "score": 39.67,
        "instructions": [
            "Identify and correct any grammatical errors in the sentence to produce a clear, accurate, and properly punctuated version without altering its original meaning.",
            "Edit the sentence to fix grammatical errors and improve clarity while preserving its original meaning. Pay attention to proper use of articles, punctuation, and sentence structure according to standard grammar rules.",
            "Revise the sentence to correct grammatical errors, enhance clarity and naturalness, and improve overall readability while preserving the original meaning."
        ]
    },
    {
        "score": 38.190000000000005,
        "instructions": [
            "Revise the sentence to correct grammatical errors, enhance clarity, ensure all necessary pronouns or subject references are explicitly included, and adjust modal verbs as needed to accurately convey the intended meaning without changing it.",
            "Edit the sentence to improve grammatical accuracy by correcting article usage and punctuation.",
            "Revise the given sentence by correcting punctuation and capitalization, inserting sentence breaks where appropriate, and placing commas to separate clauses, thereby improving overall clarity and grammatical correctness."
        ]
    },
    {
        "score": 34.910000000000004,
        "instructions": [
            "Identify and correct any grammatical errors in the given sentence, ensuring proper capitalization and appropriate punctuation, then provide the corrected version.",
            "Identify and correct grammatical errors in the given sentence, including issues with article usage, noun countability and pluralization, and quantifier choice, to produce a fluent and grammatically accurate sentence.",
            "Identify and correct any grammatical errors in the given sentence, including subtle issues such as pronoun usage, while preserving the original meaning. Provide the corrected sentence with proper grammar, without altering the intended content or style."
        ]
    },
    {
        "score": 33.489999999999995,
        "instructions": [
            "Review the given sentence for any grammatical errors and correct them if found. If the sentence is grammatically correct, return it unchanged.",
            "Revise the given sentence to correct grammar, improve word choice, and enhance sentence structure for clarity and naturalness, while preserving the original meaning.",
            "Revise the sentence to correct grammatical and stylistic issues—including punctuation, verb usage, and word choice—while maintaining the original meaning and improving overall clarity and fluency."
        ]
    },
    {
        "score": 33.48,
        "instructions": [
            "Revise the given sentence to correct any grammatical errors, improve punctuation, and enhance overall clarity and naturalness, while preserving the original meaning.",
            "Revise the sentence to improve its grammatical correctness and clarity while preserving the original meaning and using only the information present in the sentence.",
            "Revise the provided text to enhance grammatical correctness, punctuation, word choice, and overall clarity, while preserving the original meaning. Adjust sentence structure as needed—including splitting, combining, or rephrasing sentences—to improve readability and coherence without altering the intended message."
        ]
    },
    {
        "score": 33.33,
        "instructions": [
            "Review the provided text and correct any grammatical errors, punctuation issues, or spacing inconsistencies. If no errors are found, return the text exactly as it was given, preserving its original formatting and style.",
            "Revise the given sentence to enhance its grammatical accuracy, word choice, clarity, and overall fluency by correcting errors, ensuring appropriate verb tense and agreement, eliminating redundancy, simplifying complex or awkward phrasing, and improving sentence coherence, all while preserving the original meaning and intent.",
            "Improve the given sentence by correcting grammar, punctuation, and sentence structure—including splitting run-on sentences or adjusting sentence boundaries when needed—to enhance overall clarity while preserving the original meaning."
        ]
    },
    {
        "score": 31.879999999999995,
        "instructions": [
            "Revise the sentence to correct grammatical errors, choose precise and commonly used words, and enhance clarity and natural flow while preserving the original meaning.",
            "Revise the given sentence to correct grammatical errors, improve punctuation, and enhance clarity and fluency while preserving the original meaning, including addressing article usage and eliminating unnecessary or redundant words or phrases.",
            "Identify and correct any punctuation errors in the given sentence to ensure proper and standard punctuation usage."
        ]
    }
]
